[01:22:41] [main/INFO]: Loading Minecraft 1.21.8 with Fabric Loader 0.16.14
[01:22:41] [main/INFO]: Loading 4 mods:
	- fabricloader 0.16.14
	   \-- mixinextras 0.4.1
	- java 21
	- minecraft 1.21.8
[01:22:41] [main/INFO]: SpongePowered MIXIN Subsystem Version=0.8.7 Source=file:/workspaces/Server/servidor_minecraft/libraries/net/fabricmc/sponge-mixin/0.15.5+mixin.0.8.7/sponge-mixin-0.15.5+mixin.0.8.7.jar Service=Knot/Fabric Env=SERVER
[01:22:51] [main/INFO]: Environment: Environment[sessionHost=https://sessionserver.mojang.com, servicesHost=https://api.minecraftservices.com, name=PROD]
[01:22:53] [main/INFO]: No existing world data, creating new world
[01:22:55] [main/INFO]: Loaded 1407 recipes
[01:22:55] [main/INFO]: Loaded 1520 advancements
[01:22:55] [Server thread/INFO]: Starting minecraft server version 1.21.8
[01:22:55] [Server thread/INFO]: Loading properties
[01:22:55] [Server thread/INFO]: Default game type: SURVIVAL
[01:22:55] [Server thread/INFO]: Generating keypair
[01:22:55] [Server thread/INFO]: Starting Minecraft server on *:25565
[01:22:55] [Server thread/INFO]: Using epoll channel type
[01:22:55] [Server thread/WARN]: **** SERVER IS RUNNING IN OFFLINE/INSECURE MODE!
[01:22:55] [Server thread/WARN]: The server will make no attempt to authenticate usernames. Beware.
[01:22:55] [Server thread/WARN]: While this makes the game possible to play without internet access, it also opens up the ability for hackers to connect with any username they choose.
[01:22:55] [Server thread/WARN]: To change this, set "online-mode" to "true" in the server.properties file.
[01:22:55] [Server thread/INFO]: Preparing level "world"
[01:23:09] [Server thread/INFO]: Preparing start region for dimension minecraft:overworld
[01:23:09] [Worker-Main-1/INFO]: Preparing spawn area: 2%
[01:23:10] [Worker-Main-1/INFO]: Preparing spawn area: 2%
[01:23:10] [Worker-Main-1/INFO]: Preparing spawn area: 2%
[01:23:11] [Worker-Main-1/INFO]: Preparing spawn area: 2%
[01:23:11] [Worker-Main-1/INFO]: Preparing spawn area: 2%
[01:23:12] [Worker-Main-1/INFO]: Preparing spawn area: 2%
[01:23:12] [Worker-Main-1/INFO]: Preparing spawn area: 2%
[01:23:13] [Worker-Main-1/INFO]: Preparing spawn area: 2%
[01:23:13] [Worker-Main-1/INFO]: Preparing spawn area: 2%
[01:23:14] [Worker-Main-1/INFO]: Preparing spawn area: 2%
[01:23:14] [Worker-Main-1/INFO]: Preparing spawn area: 2%
[01:23:15] [Worker-Main-1/INFO]: Preparing spawn area: 2%
[01:23:15] [Worker-Main-1/INFO]: Preparing spawn area: 2%
[01:23:16] [Worker-Main-1/INFO]: Preparing spawn area: 2%
[01:23:16] [Worker-Main-1/INFO]: Preparing spawn area: 2%
[01:23:17] [Worker-Main-1/INFO]: Preparing spawn area: 2%
[01:23:17] [Worker-Main-1/INFO]: Preparing spawn area: 2%
[01:23:18] [Worker-Main-1/INFO]: Preparing spawn area: 2%
[01:23:18] [Worker-Main-1/INFO]: Preparing spawn area: 2%
[01:23:19] [Worker-Main-1/INFO]: Preparing spawn area: 2%
[01:23:19] [Server thread/INFO]: Time elapsed: 9812 ms
[01:23:19] [Server thread/INFO]: Done (23.647s)! For help, type "help"
[01:24:19] [Server thread/INFO]: Server empty for 60 seconds, pausing
[01:25:58] [Server thread/INFO]: Jmat250x[/127.31.58.135:46343] logged in with entity id 48 at (7.5, 63.0, 4.5)
[01:25:58] [Server thread/INFO]: Jmat250x joined the game
[01:26:41] [Server thread/WARN]: Jmat250x moved too quickly! -1.873962468129605,-0.623264386218267,9.931787472880501
[01:26:41] [Server thread/WARN]: Can't keep up! Is the server overloaded? Running 2764ms or 55 ticks behind
[01:27:22] [Server thread/INFO]: Un_SingaSuMai[/127.194.163.136:49839] logged in with entity id 622 at (-3.5, 67.0, 10.5)
[01:27:22] [Server thread/INFO]: Un_SingaSuMai joined the game
[01:28:30] [Server thread/WARN]: Mismatch in destroy block pos: class_2338{x=0, y=0, z=0} class_2338{x=-2, y=67, z=16}
[01:28:30] [Server thread/WARN]: Mismatch in destroy block pos: class_2338{x=0, y=0, z=0} class_2338{x=-1, y=67, z=18}
[01:28:31] [Server thread/WARN]: Mismatch in destroy block pos: class_2338{x=0, y=0, z=0} class_2338{x=-1, y=67, z=19}
[01:28:31] [Server thread/WARN]: Mismatch in destroy block pos: class_2338{x=0, y=0, z=0} class_2338{x=-1, y=67, z=20}
[01:28:31] [Server thread/WARN]: Mismatch in destroy block pos: class_2338{x=0, y=0, z=0} class_2338{x=-1, y=67, z=21}
[01:28:31] [Server thread/WARN]: Mismatch in destroy block pos: class_2338{x=0, y=0, z=0} class_2338{x=0, y=67, z=22}
[01:28:31] [Server thread/WARN]: Mismatch in destroy block pos: class_2338{x=0, y=0, z=0} class_2338{x=0, y=67, z=23}
[01:28:32] [Server thread/WARN]: Mismatch in destroy block pos: class_2338{x=0, y=0, z=0} class_2338{x=0, y=68, z=24}
[01:28:32] [Server thread/WARN]: Mismatch in destroy block pos: class_2338{x=0, y=0, z=0} class_2338{x=1, y=68, z=25}
[01:28:33] [Server thread/WARN]: Mismatch in destroy block pos: class_2338{x=0, y=0, z=0} class_2338{x=2, y=68, z=26}
[01:28:33] [Server thread/WARN]: Mismatch in destroy block pos: class_2338{x=0, y=0, z=0} class_2338{x=2, y=68, z=26}
[01:28:48] [Server thread/INFO]: Jmat250x has made the advancement [Stone Age]
[01:28:58] [Server thread/INFO]: Un_SingaSuMai lost connection: Disconnected
[01:28:58] [Server thread/INFO]: Un_SingaSuMai left the game
[01:29:15] [Server thread/INFO]: Jmat250x has made the advancement [Getting an Upgrade]
[01:29:38] [Server thread/INFO]: Jmat250x has made the advancement [Acquire Hardware]
[01:30:04] [Server thread/INFO]: Jmat250x has made the advancement [Isn't It Iron Pick]
[01:32:20] [Server thread/INFO]: [Not Secure] <Jmat250x> a
[01:33:30] [Server thread/INFO]: Un_SingaSuMai[/127.194.163.136:33845] logged in with entity id 2779 at (19.424703592365432, 68.0, 75.4228062648591)
[01:33:30] [Server thread/INFO]: Un_SingaSuMai joined the game
[01:34:47] [Server thread/INFO]: [Not Secure] <Jmat250x> dc
[01:36:11] [Server thread/INFO]: Jmat250x has made the advancement [Sweet Dreams]
[01:36:14] [Server thread/INFO]: Un_SingaSuMai lost connection: Disconnected
[01:36:14] [Server thread/INFO]: Un_SingaSuMai left the game
[01:37:03] [Server thread/INFO]: Jmat250x has made the advancement [Monster Hunter]
[01:41:17] [Server thread/INFO]: Un_SingaSuMai[/127.194.163.136:45595] logged in with entity id 4980 at (22.275225337831724, 67.0, 92.87549474524737)
[01:41:17] [Server thread/INFO]: Un_SingaSuMai joined the game
